Java HotSpot(TM) 64-Bit Server VM (24.76-b04) for windows-amd64 JRE (1.7.0_76-b13), built on Dec 18 2014 16:31:25 by "java_re" with unknown MS VC++:1600
Memory: 4k page, physical 4053864k(2028316k free), swap 8105888k(4586284k free)
CommandLine flags: -XX:InitialHeapSize=64861824 -XX:MaxHeapSize=1037789184 -XX:+PrintGC -XX:+PrintGCDetails -XX:+PrintGCTimeStamps -XX:+UseCompressedOops -XX:-UseLargePagesIndividualAllocation -XX:+UseParallelGC 
0.181: [GC [PSYoungGen: 4751K->568K(18944K)] 4751K->568K(60928K), 0.0218961 secs] [Times: user=0.00 sys=0.00, real=0.02 secs] 
0.203: [Full GC [PSYoungGen: 568K->0K(18944K)] [ParOldGen: 0K->465K(41984K)] 568K->465K(60928K) [PSPermGen: 2514K->2513K(21504K)], 0.0317085 secs] [Times: user=0.05 sys=0.00, real=0.03 secs] 
Heap
 PSYoungGen      total 18944K, used 655K [0x00000000eb600000, 0x00000000ecb00000, 0x0000000100000000)
  eden space 16384K, 4% used [0x00000000eb600000,0x00000000eb6a3df0,0x00000000ec600000)
  from space 2560K, 0% used [0x00000000ec600000,0x00000000ec600000,0x00000000ec880000)
  to   space 2560K, 0% used [0x00000000ec880000,0x00000000ec880000,0x00000000ecb00000)
 ParOldGen       total 41984K, used 465K [0x00000000c2200000, 0x00000000c4b00000, 0x00000000eb600000)
  object space 41984K, 1% used [0x00000000c2200000,0x00000000c2274498,0x00000000c4b00000)
 PSPermGen       total 21504K, used 2520K [0x00000000bd000000, 0x00000000be500000, 0x00000000c2200000)
  object space 21504K, 11% used [0x00000000bd000000,0x00000000bd276228,0x00000000be500000)
